============================= test session starts =============================
platform win32 -- Python 3.12.6, pytest-8.3.3, pluggy-1.5.0
dependencies: allensdk NOT INSTALLED, anys NOT INSTALLED, bids-validator-deno-2.4.1, bidsschematools-1.2.1, boto3 NOT INSTALLED, click-8.1.8, click-didyoumean-0.3.1, coverage NOT INSTALLED, dandi-0.74.3, dandischema-0.12.1, duecredit NOT INSTALLED, etelemetry-0.3.1, fasteners-0.20, flake8 NOT INSTALLED, fscacher-0.4.4, fsspec-2025.5.1, hdmf-4.3.1, humanize-4.15.0, interleave-0.3.0, joblib-1.4.2, keyring-25.6.0, keyrings.alt-5.0.2, ndx-events NOT INSTALLED, ndx-hed NOT INSTALLED, numcodecs-0.15.1, nwbinspector-0.7.0, opencv-python-4.10.0.84, packaging-24.1, platformdirs-4.2.2, pre-commit NOT INSTALLED, pycryptodomex-3.23.0, pydantic-2.9.2, pynwb-3.1.3, pyout-0.8.1, pytest-8.3.3, pytest-cov NOT INSTALLED, pytest-mock NOT INSTALLED, pytest-rerunfailures NOT INSTALLED, pytest-timeout NOT INSTALLED, python-dateutil-2.9.0.post0, requests-2.32.3, responses NOT INSTALLED, ruamel.yaml-0.18.10, semantic-version-2.10.0, tenacity-9.0.0, tensorstore-0.1.81, urllib3-2.2.2, vcrpy NOT INSTALLED, yarl-1.13.1, zarr-2.18.7, zarr_checksum-0.4.7
rootdir: C:\Stored\All Files\Coding\Projects\multimodal-ai-agent
plugins: anyio-4.4.0, dandi-0.74.3, dash-2.18.2, langsmith-0.4.2
collected 26 items

tests\test_agent.py ...EEEEEE                                            [ 34%]
tests\test_memory.py ........F                                           [ 69%]
tests\test_rag.py ........                                               [100%]

=================================== ERRORS ====================================
____ ERROR at setup of TestMultimodalAgent.test_run_returns_expected_keys _____
tests\test_agent.py:43: in agent
    return MultimodalAgent(config_path=str(cfg_file))
src\agent\agent.py:62: in __init__
    self._setup_subsystems()
src\agent\agent.py:91: in _setup_subsystems
    self._ingest_corpus()
src\agent\agent.py:115: in _ingest_corpus
    n = self._rag.ingest_file(corpus_path)
E   AttributeError: 'MultimodalAgent' object has no attribute '_rag'
---------------------------- Captured stdout setup ----------------------------
2026-03-19 05:10:57 | multimodal_agent.memory | WARNING | No saved index found. Starting fresh.
----------------------------- Captured log setup ------------------------------
WARNING  multimodal_agent.memory:faiss_memory.py:252 No saved index found. Starting fresh.
_______ ERROR at setup of TestMultimodalAgent.test_run_answer_is_string _______
tests\test_agent.py:43: in agent
    return MultimodalAgent(config_path=str(cfg_file))
src\agent\agent.py:62: in __init__
    self._setup_subsystems()
src\agent\agent.py:91: in _setup_subsystems
    self._ingest_corpus()
src\agent\agent.py:115: in _ingest_corpus
    n = self._rag.ingest_file(corpus_path)
E   AttributeError: 'MultimodalAgent' object has no attribute '_rag'
_______ ERROR at setup of TestMultimodalAgent.test_run_with_image_path ________
tests\test_agent.py:43: in agent
    return MultimodalAgent(config_path=str(cfg_file))
src\agent\agent.py:62: in __init__
    self._setup_subsystems()
src\agent\agent.py:91: in _setup_subsystems
    self._ingest_corpus()
src\agent\agent.py:115: in _ingest_corpus
    n = self._rag.ingest_file(corpus_path)
E   AttributeError: 'MultimodalAgent' object has no attribute '_rag'
_________ ERROR at setup of TestMultimodalAgent.test_plan_steps_list __________
tests\test_agent.py:43: in agent
    return MultimodalAgent(config_path=str(cfg_file))
src\agent\agent.py:62: in __init__
    self._setup_subsystems()
src\agent\agent.py:91: in _setup_subsystems
    self._ingest_corpus()
src\agent\agent.py:115: in _ingest_corpus
    n = self._rag.ingest_file(corpus_path)
E   AttributeError: 'MultimodalAgent' object has no attribute '_rag'
________ ERROR at setup of TestMultimodalAgent.test_metrics_structure _________
tests\test_agent.py:43: in agent
    return MultimodalAgent(config_path=str(cfg_file))
src\agent\agent.py:62: in __init__
    self._setup_subsystems()
src\agent\agent.py:91: in _setup_subsystems
    self._ingest_corpus()
src\agent\agent.py:115: in _ingest_corpus
    n = self._rag.ingest_file(corpus_path)
E   AttributeError: 'MultimodalAgent' object has no attribute '_rag'
__________ ERROR at setup of TestMultimodalAgent.test_query_rag_only __________
tests\test_agent.py:43: in agent
    return MultimodalAgent(config_path=str(cfg_file))
src\agent\agent.py:62: in __init__
    self._setup_subsystems()
src\agent\agent.py:91: in _setup_subsystems
    self._ingest_corpus()
src\agent\agent.py:115: in _ingest_corpus
    n = self._rag.ingest_file(corpus_path)
E   AttributeError: 'MultimodalAgent' object has no attribute '_rag'
================================== FAILURES ===================================
_________________ TestFAISSMemory.test_large_index_simulation _________________
tests\test_memory.py:97: in test_large_index_simulation
    memory.simulate_large_index(n=N, batch_size=100)
src\memory\faiss_memory.py:216: in simulate_large_index
    templates[i % len(templates)].format(topics[i % len(topics)])
E   KeyError: 'topic'
============================== warnings summary ===============================
..\..\..\..\..\Users\prajw\AppData\Local\Programs\Python\Python312\Lib\site-packages\faiss\loader.py:49
  C:\Users\prajw\AppData\Local\Programs\Python\Python312\Lib\site-packages\faiss\loader.py:49: DeprecationWarning: numpy.core._multiarray_umath is deprecated and has been renamed to numpy._core._multiarray_umath. The numpy._core namespace contains private NumPy internals and its use is discouraged, as NumPy internals can change without warning in any release. In practice, most real-world usage of numpy.core is to access functionality in the public NumPy API. If that is the case, use the public NumPy API. If not, you are using NumPy internals. If you would still like to access an internal attribute, use numpy._core._multiarray_umath.__cpu_features__.
    from numpy.core._multiarray_umath import __cpu_features__

..\..\..\..\..\Users\prajw\AppData\Local\Programs\Python\Python312\Lib\site-packages\pydantic\_internal\_config.py:291
..\..\..\..\..\Users\prajw\AppData\Local\Programs\Python\Python312\Lib\site-packages\pydantic\_internal\_config.py:291
  C:\Users\prajw\AppData\Local\Programs\Python\Python312\Lib\site-packages\pydantic\_internal\_config.py:291: PydanticDeprecatedSince20: Support for class-based `config` is deprecated, use ConfigDict instead. Deprecated in Pydantic V2.0 to be removed in V3.0. See Pydantic V2 Migration Guide at https://errors.pydantic.dev/2.9/migration/
    warnings.warn(DEPRECATION_MESSAGE, DeprecationWarning)

-- Docs: https://docs.pytest.org/en/stable/how-to/capture-warnings.html
=========================== short test summary info ===========================
FAILED tests/test_memory.py::TestFAISSMemory::test_large_index_simulation - K...
ERROR tests/test_agent.py::TestMultimodalAgent::test_run_returns_expected_keys
ERROR tests/test_agent.py::TestMultimodalAgent::test_run_answer_is_string - A...
ERROR tests/test_agent.py::TestMultimodalAgent::test_run_with_image_path - At...
ERROR tests/test_agent.py::TestMultimodalAgent::test_plan_steps_list - Attrib...
ERROR tests/test_agent.py::TestMultimodalAgent::test_metrics_structure - Attr...
ERROR tests/test_agent.py::TestMultimodalAgent::test_query_rag_only - Attribu...
============= 1 failed, 19 passed, 3 warnings, 6 errors in 1.03s ==============
